// Jest Snapshot v1, https://goo.gl/fbAQLP

exports[`<Ribbon/> should render  the heading 1`] = `
.c0 {
  position: absolute;
  top: 1.6rem;
  display: -webkit-box;
  display: -webkit-flex;
  display: -ms-flexbox;
  display: flex;
  -webkit-align-items: center;
  -webkit-box-align: center;
  -ms-flex-align: center;
  align-items: center;
  font-weight: 600;
  color: #FAFAFA;
  background-color: #F231A5;
  font-size: 1.4rem;
  padding: 0 2.4rem;
  height: 3.6rem;
  right: -2rem;
}

.c0::before {
  content: '';
  position: absolute;
  right: 0;
  border-style: solid;
  border-left-width: 0rem;
  border-right-color: transparent;
  border-bottom-color: transparent;
  border-bottom-width: 1rem;
}

.c0::before {
  border-left-color: #b20b6f;
  border-top-color: #b20b6f;
}

.c0::before {
  top: 3.6rem;
  border-top-width: 1rem;
  border-right-width: 2rem;
}

<div
  class="c0"
  color="primary"
>
  Best Seller
</div>
`

exports[`<Ribbon/> should render with normal size as default 1`] = `
.c0 {
  position: absolute;
  top: 1.6rem;
  display: -webkit-box;
  display: -webkit-flex;
  display: -ms-flexbox;
  display: flex;
  -webkit-align-items: center;
  -webkit-box-align: center;
  -ms-flex-align: center;
  align-items: center;
  font-weight: 600;
  color: #FAFAFA;
  background-color: #F231A5;
  font-size: 1.4rem;
  padding: 0 2.4rem;
  height: 3.6rem;
  right: -2rem;
}

.c0::before {
  content: '';
  position: absolute;
  right: 0;
  border-style: solid;
  border-left-width: 0rem;
  border-right-color: transparent;
  border-bottom-color: transparent;
  border-bottom-width: 1rem;
}

.c0::before {
  border-left-color: #b20b6f;
  border-top-color: #b20b6f;
}

.c0::before {
  top: 3.6rem;
  border-top-width: 1rem;
  border-right-width: 2rem;
}

<div
  class="c0"
  color="primary"
>
  Best Seller
</div>
`

exports[`<Ribbon/> should render with primary color 1`] = `
.c0 {
  position: absolute;
  top: 1.6rem;
  display: -webkit-box;
  display: -webkit-flex;
  display: -ms-flexbox;
  display: flex;
  -webkit-align-items: center;
  -webkit-box-align: center;
  -ms-flex-align: center;
  align-items: center;
  font-weight: 600;
  color: #FAFAFA;
  background-color: #F231A5;
  font-size: 1.4rem;
  padding: 0 2.4rem;
  height: 3.6rem;
  right: -2rem;
}

.c0::before {
  content: '';
  position: absolute;
  right: 0;
  border-style: solid;
  border-left-width: 0rem;
  border-right-color: transparent;
  border-bottom-color: transparent;
  border-bottom-width: 1rem;
}

.c0::before {
  border-left-color: #b20b6f;
  border-top-color: #b20b6f;
}

.c0::before {
  top: 3.6rem;
  border-top-width: 1rem;
  border-right-width: 2rem;
}

<div
  class="c0"
  color="primary"
>
  Best Seller
</div>
`

exports[`<Ribbon/> should render with secondary color 1`] = `
.c0 {
  position: absolute;
  top: 1.6rem;
  display: -webkit-box;
  display: -webkit-flex;
  display: -ms-flexbox;
  display: flex;
  -webkit-align-items: center;
  -webkit-box-align: center;
  -ms-flex-align: center;
  align-items: center;
  font-weight: 600;
  color: #FAFAFA;
  background-color: #3CD3C1;
  font-size: 1.4rem;
  padding: 0 2.4rem;
  height: 3.6rem;
  right: -2rem;
}

.c0::before {
  content: '';
  position: absolute;
  right: 0;
  border-style: solid;
  border-left-width: 0rem;
  border-right-color: transparent;
  border-bottom-color: transparent;
  border-bottom-width: 1rem;
}

.c0::before {
  border-left-color: #1f8a7d;
  border-top-color: #1f8a7d;
}

.c0::before {
  top: 3.6rem;
  border-top-width: 1rem;
  border-right-width: 2rem;
}

<div
  class="c0"
  color="secondary"
>
  Best Seller
</div>
`

exports[`<Ribbon/> should render with small size 1`] = `
.c0 {
  position: absolute;
  top: 1.6rem;
  display: -webkit-box;
  display: -webkit-flex;
  display: -ms-flexbox;
  display: flex;
  -webkit-align-items: center;
  -webkit-box-align: center;
  -ms-flex-align: center;
  align-items: center;
  font-weight: 600;
  color: #FAFAFA;
  background-color: #F231A5;
  font-size: 1.2rem;
  padding: 0 1.6rem;
  height: 2.6rem;
  right: -1.5rem;
}

.c0::before {
  content: '';
  position: absolute;
  right: 0;
  border-style: solid;
  border-left-width: 0rem;
  border-right-color: transparent;
  border-bottom-color: transparent;
  border-bottom-width: 1rem;
}

.c0::before {
  border-left-color: #b20b6f;
  border-top-color: #b20b6f;
}

.c0::before {
  top: 2.6rem;
  border-top-width: 0.7rem;
  border-right-width: 1.5rem;
}

<div
  class="c0"
  color="primary"
>
  Best Seller
</div>
`
